Microchip MPLAB XC8 Compiler V2.36

Linker command line:

-W-3 --edf=C:\Program Files\Microchip\xc8\v2.36\pic\dat\en_msgs.txt -cn \
  -h+dist/default/production\cafeteira.X.production.sym \
  --cmf=dist/default/production\cafeteira.X.production.cmf -z -Q16F877A \
  -oC:\Users\butew\AppData\Local\Temp\xcAsrkg.4 --defsym=__MPLAB_BUILD=1 \
  -Mdist/default/production/cafeteira.X.production.map \
  --md=C:\Users\butew\AppData\Local\Temp\xcAsrkg.dat -E1 -ver=XC8 Compiler \
  --acfsm=1493 -ACODE=00h-07FFhx4 -ASTRCODE=00h-01FFFh -ASTRING=00h-0FFhx32 \
  -ACONST=00h-0FFhx32 -AENTRY=00h-0FFhx32 -ACOMMON=070h-07Fh \
  -ABANK0=020h-06Fh -ABANK1=0A0h-0EFh -ABANK2=0110h-016Fh \
  -ABANK3=0190h-01EFh -ARAM=020h-06Fh,0A0h-0EFh,0110h-016Fh,0190h-01EFh \
  -AABS1=020h-07Fh,0A0h-0EFh,0110h-016Fh,0190h-01EFh -ASFR0=00h-01Fh \
  -ASFR1=080h-09Fh -ASFR2=0100h-010Fh -ASFR3=0180h-018Fh \
  -ACONFIG=02007h-02007h -DCONFIG=2 -AIDLOC=02000h-02003h -DIDLOC=2 \
  -AEEDATA=00h-0FFh/02100h -peeprom_data=EEDATA -DEEDATA=2 -DCODE=2 \
  -DSTRCODE=2 -DSTRING=2 -DCONST=2 -DENTRY=2 \
  -preset_vec=00h,intentry=04h,init,end_init -ppowerup=CODE -pcinit=CODE \
  -pfunctab=ENTRY -k C:\Users\butew\AppData\Local\Temp\xcAsrkg.o \
  dist/default/production\cafeteira.X.production.o 

Object code version is 3.11

Machine type is 16F877A



                Name                               Link     Load   Length Selector   Space Scale
C:\Users\butew\AppData\Local\Temp\xcAsrkg.o
                end_init                              E        E        3        8       0
                reset_vec                             0        0        3        0       0
                config                             2007     2007        1        0       4
dist/default/production\cafeteira.X.production.o
                cinit                                11       11       18        8       0
                intentry                              4        4        A        8       0
                config                             2007     2007        1        0       4
                text8                               2E3      2E3       63      5C6       0
                text7                               45B      45B       22      5C6       0
                text6                               47D      47D       1A      5C6       0
                text5                               497      497        D      5C6       0
                text4                               346      346       5D      5C6       0
                text3                               3A3      3A3       58      5C6       0
                text2                               3FB      3FB       37      5C6       0
                text1                               432      432       29      5C6       0
                maintext                             29       29      194        8       0
                cstackBANK0                          26       26        6       20       1
                cstackCOMMON                         70       70        9       70       1
                dataBANK0                            2C       2C        2       20       1
                bssBANK0                             20       20        6       20       1
                bssCOMMON                            79       79        2       70       1
                strings                             200      200       E3      400       0
                idataBANK0                          4A4      4A4        2      5C6       0

TOTAL           Name                               Link     Load   Length     Space
        CLASS   CODE           
                end_init                              E        E        3         0
                cinit                                11       11       18         0
                intentry                              4        4        A         0
                reset_vec                             0        0        3         0
                text8                               2E3      2E3       63         0
                text7                               45B      45B       22         0
                text6                               47D      47D       1A         0
                text5                               497      497        D         0
                text4                               346      346       5D         0
                text3                               3A3      3A3       58         0
                text2                               3FB      3FB       37         0
                text1                               432      432       29         0
                maintext                             29       29      194         0
                idataBANK0                          4A4      4A4        2         0

        CLASS   STRCODE        

        CLASS   STRING         
                strings                             200      200       E3         0

        CLASS   CONST          

        CLASS   ENTRY          

        CLASS   COMMON         
                cstackCOMMON                         70       70        9         1
                bssCOMMON                            79       79        2         1

        CLASS   BANK0          
                cstackBANK0                          26       26        6         1
                dataBANK0                            2C       2C        2         1
                bssBANK0                             20       20        6         1

        CLASS   BANK1          

        CLASS   BANK2          

        CLASS   BANK3          

        CLASS   RAM            

        CLASS   ABS1           
                abs_s1                               7E       7E        2         1

        CLASS   SFR0           

        CLASS   SFR1           

        CLASS   SFR2           

        CLASS   SFR3           

        CLASS   CONFIG         
                config                             2007     2007        1         4

        CLASS   IDLOC          

        CLASS   EEDATA         

        CLASS   STACK          



SEGMENTS        Name                           Load    Length   Top    Selector   Space  Class     Delta

                reset_vec                      000000  000003  000003         0       0  CODE        2
                intentry                       000004  0001B9  0001BD         8       0  CODE        2
                bssBANK0                       000020  00000E  00002E        20       1  BANK0       1
                cstackCOMMON                   000070  00000B  00007B        70       1  COMMON      1
                strings                        000200  0000E3  0002E3       400       0  STRING      2
                text8                          0002E3  0001C3  0004A6       5C6       0  CODE        2


UNUSED ADDRESS RANGES

        Name                Unused          Largest block    Delta
        BANK0            002E-006F             42           1
        BANK1            00A0-00EF             50           1
        BANK2            0110-016F             60           1
        BANK3            0190-01EF             60           1
        CODE             0003-0003              1           2
                         01BD-01FF             43
                         04A6-1FFF            800
        COMMON           007B-007D              3           1
        CONST            0003-0003              1           2
                         01BD-01FF             43
                         04A6-1FFF            100
        EEDATA           2100-21FF            100           2
        ENTRY            0003-0003              1           2
                         01BD-01FF             43
                         04A6-1FFF            100
        IDLOC            2000-2003              4           2
        RAM              002E-006F             42           1
                         00A0-00EF             50
                         0110-016F             60
                         0190-01EF             60
        SFR0             0000-001F             20           1
        SFR1             0080-009F             20           1
        SFR2             0100-010F             10           1
        SFR3             0180-018F             10           1
        STRCODE          0003-0003              1           2
                         01BD-01FF             43
                         04A6-1FFF           1B5A
        STRING           0003-0003              1           2
                         01BD-01FF             43
                         04A6-1FFF            100

                                  Symbol Table

Lcd_Cmd@a                 cstackCOMMON 0076
Lcd_Port@a                cstackCOMMON 0073
Lcd_Set_Cursor@a          cstackBANK0  0028
Lcd_Set_Cursor@b          cstackCOMMON 0077
Lcd_Set_Cursor@temp       cstackBANK0  002B
Lcd_Set_Cursor@y          cstackBANK0  002A
Lcd_Set_Cursor@z          cstackBANK0  0029
Lcd_Write_Char@a          cstackCOMMON 0077
Lcd_Write_Char@temp       cstackCOMMON 0075
Lcd_Write_Char@y          cstackCOMMON 0076
Lcd_Write_String@a        cstackBANK0  0028
Lcd_Write_String@i        cstackBANK0  0026
_INTCONbits               (abs)        000B
_INTF                     (abs)        0059
_Lcd_Clear                text5        0497
_Lcd_Cmd                  text6        047D
_Lcd_Init                 text4        0346
_Lcd_Port                 text7        045B
_Lcd_Set_Cursor           text3        03A3
_Lcd_Write_Char           text2        03FB
_Lcd_Write_String         text1        0432
_OPTION_REGbits           (abs)        0081
_PIE1bits                 (abs)        008C
_PIR1bits                 (abs)        000C
_PORTBbits                (abs)        0006
_PORTCbits                (abs)        0007
_PORTDbits                (abs)        0008
_T1CONbits                (abs)        0010
_TMR1H                    (abs)        000F
_TMR1IF                   (abs)        0060
_TMR1L                    (abs)        000E
_TRISC                    (abs)        0087
_TRISD                    (abs)        0088
_TrataInt                 text8        02E3
__Habs1                   abs1         0000
__Hbank0                  bank0        0000
__Hbank1                  bank1        0000
__Hbank2                  bank2        0000
__Hbank3                  bank3        0000
__HbssBANK0               bssBANK0     0000
__HbssCOMMON              bssCOMMON    0000
__Hcinit                  cinit        0029
__Hclrtext                clrtext      0000
__Hcode                   code         0000
__Hcommon                 common       0000
__Hconfig                 config       2008
__HcstackBANK0            cstackBANK0  0000
__HcstackCOMMON           cstackCOMMON 0000
__HdataBANK0              dataBANK0    0000
__Heeprom_data            eeprom_data  0000
__Hend_init               end_init     0011
__Hfunctab                functab      0000
__HidataBANK0             idataBANK0   0000
__Hinit                   init         000E
__Hintentry               intentry     000E
__Hmaintext               maintext     0000
__Hpowerup                powerup      0000
__Hram                    ram          0000
__Hreset_vec              reset_vec    0003
__Hsfr0                   sfr0         0000
__Hsfr1                   sfr1         0000
__Hsfr2                   sfr2         0000
__Hsfr3                   sfr3         0000
__Hspace_0                (abs)        04A6
__Hspace_1                (abs)        007B
__Hspace_2                (abs)        0000
__Hspace_3                (abs)        0000
__Hspace_4                (abs)        400F
__Hstack                  stack        0000
__Hstrings                strings      0000
__Htext                   text         0000
__Labs1                   abs1         0000
__Lbank0                  bank0        0000
__Lbank1                  bank1        0000
__Lbank2                  bank2        0000
__Lbank3                  bank3        0000
__LbssBANK0               bssBANK0     0000
__LbssCOMMON              bssCOMMON    0000
__Lcinit                  cinit        0011
__Lclrtext                clrtext      0000
__Lcode                   code         0000
__Lcommon                 common       0000
__Lconfig                 config       0000
__LcstackBANK0            cstackBANK0  0000
__LcstackCOMMON           cstackCOMMON 0000
__LdataBANK0              dataBANK0    0000
__Leeprom_data            eeprom_data  0000
__Lend_init               end_init     000E
__Lfunctab                functab      0000
__LidataBANK0             idataBANK0   0000
__Linit                   init         000E
__Lintentry               intentry     0004
__Lmaintext               maintext     0000
__Lpowerup                powerup      0000
__Lram                    ram          0000
__Lreset_vec              reset_vec    0000
__Lsfr0                   sfr0         0000
__Lsfr1                   sfr1         0000
__Lsfr2                   sfr2         0000
__Lsfr3                   sfr3         0000
__Lspace_0                (abs)        0000
__Lspace_1                (abs)        0000
__Lspace_2                (abs)        0000
__Lspace_3                (abs)        0000
__Lspace_4                (abs)        0000
__Lstack                  stack        0000
__Lstrings                strings      0000
__Ltext                   text         0000
__S0                      (abs)        04A6
__S1                      (abs)        007B
__S3                      (abs)        0000
___int_sp                 stack        0000
___latbits                (abs)        0002
___sp                     stack        0000
___stackhi                (abs)        0000
___stacklo                (abs)        0000
__end_of_Lcd_Clear        text5        04A4
__end_of_Lcd_Cmd          text6        0497
__end_of_Lcd_Init         text4        03A3
__end_of_Lcd_Port         text7        047D
__end_of_Lcd_Set_Cursor   text3        03FB
__end_of_Lcd_Write_Char   text2        0432
__end_of_Lcd_Write_String text1        045B
__end_of_TrataInt         text8        0346
__end_of__initialization  cinit        0025
__end_of__stringtab       strings      0206
__end_of_main             maintext     01BD
__initialization          cinit        0011
__pbssBANK0               bssBANK0     0020
__pbssCOMMON              bssCOMMON    0079
__pcstackBANK0            cstackBANK0  0026
__pcstackCOMMON           cstackCOMMON 0070
__pdataBANK0              dataBANK0    002C
__pidataBANK0             idataBANK0   04A4
__pintentry               intentry     0004
__pmaintext               maintext     0029
__pstrings                strings      0200
__ptext1                  text1        0432
__ptext2                  text2        03FB
__ptext3                  text3        03A3
__ptext4                  text4        0346
__ptext5                  text5        0497
__ptext6                  text6        047D
__ptext7                  text7        045B
__ptext8                  text8        02E3
__stringbase              strings      0205
__stringtab               strings      0200
_coffee_flag              bssBANK0     0022
_coffee_or_milk           bssBANK0     0024
_conta                    bssCOMMON    0079
_main                     maintext     0029
_milk_flag                dataBANK0    002C
_preparating              bssBANK0     0020
btemp                     (abs)        007E
end_of_initialization     cinit        0025
interrupt_function        intentry     0004
intlevel0                 functab      0000
intlevel1                 functab      0000
intlevel2                 functab      0000
intlevel3                 functab      0000
intlevel4                 functab      0000
intlevel5                 functab      0000
reset_vec                 reset_vec    0000
saved_w                   (abs)        007E
start                     init         000E
start_initialization      cinit        0011
wtemp0                    (abs)        007E


MODULE INFORMATION

Module		Function		Class		Link	Load	Size
./lcd.h
		_Lcd_Write_String		CODE           	0432	0000	41
		_Lcd_Init      		CODE           	0346	0000	93
		_Lcd_Write_Char		CODE           	03FB	0000	55
		_Lcd_Cmd       		CODE           	047D	0000	26
		_Lcd_Set_Cursor		CODE           	03A3	0000	88
		_Lcd_Clear     		CODE           	0497	0000	13
		_Lcd_Port      		CODE           	045B	0000	34

./lcd.h estimated size: 350

shared
		__stringtab    		STRING         	0200	0000	6
		__initialization		CODE           	0011	0000	20

shared estimated size: 26

main.c
		_TrataInt      		CODE           	02E3	0000	99
		_main          		CODE           	0029	0000	404

main.c estimated size: 503

