Microchip MPLAB XC8 Compiler V2.36

Linker command line:

-W-3 --edf=C:\Program Files\Microchip\xc8\v2.36\pic\dat\en_msgs.txt -cn \
  -h+dist/default/production\cafeteira.X.production.sym \
  --cmf=dist/default/production\cafeteira.X.production.cmf -z -Q16F877A \
  -oC:\Users\butew\AppData\Local\Temp\xcAsq4g.4 --defsym=__MPLAB_BUILD=1 \
  -Mdist/default/production/cafeteira.X.production.map \
  --md=C:\Users\butew\AppData\Local\Temp\xcAsq4g.dat -E1 -ver=XC8 Compiler \
  --acfsm=1493 -ACODE=00h-07FFhx4 -ASTRCODE=00h-01FFFh -ASTRING=00h-0FFhx32 \
  -ACONST=00h-0FFhx32 -AENTRY=00h-0FFhx32 -ACOMMON=070h-07Fh \
  -ABANK0=020h-06Fh -ABANK1=0A0h-0EFh -ABANK2=0110h-016Fh \
  -ABANK3=0190h-01EFh -ARAM=020h-06Fh,0A0h-0EFh,0110h-016Fh,0190h-01EFh \
  -AABS1=020h-07Fh,0A0h-0EFh,0110h-016Fh,0190h-01EFh -ASFR0=00h-01Fh \
  -ASFR1=080h-09Fh -ASFR2=0100h-010Fh -ASFR3=0180h-018Fh \
  -ACONFIG=02007h-02007h -DCONFIG=2 -AIDLOC=02000h-02003h -DIDLOC=2 \
  -AEEDATA=00h-0FFh/02100h -peeprom_data=EEDATA -DEEDATA=2 -DCODE=2 \
  -DSTRCODE=2 -DSTRING=2 -DCONST=2 -DENTRY=2 \
  -preset_vec=00h,intentry,init,end_init -ppowerup=CODE -pcinit=CODE \
  -pfunctab=ENTRY -k C:\Users\butew\AppData\Local\Temp\xcAsq4g.o \
  dist/default/production\cafeteira.X.production.o 

Object code version is 3.11

Machine type is 16F877A



                Name                               Link     Load   Length Selector   Space Scale
C:\Users\butew\AppData\Local\Temp\xcAsq4g.o
                end_init                              0        0        3        0       0
                config                             2007     2007        1        0       4
dist/default/production\cafeteira.X.production.o
                cinit                               7FC      7FC        4      FF8       0
                config                             2007     2007        1        0       4
                text7                               535      535       22      A6A       0
                text6                               51B      51B       1A      A36       0
                text5                               50E      50E        D      A1C       0
                text4                               605      605       5D      C0A       0
                text3                               5B3      5B3       52      B66       0
                text2                               57C      57C       37      AF8       0
                text1                               557      557       25      AAE       0
                maintext                            662      662      19A      CC4       0
                cstackCOMMON                         70       70        E       70       1
                strings                               3        3       F4        6       0

TOTAL           Name                               Link     Load   Length     Space
        CLASS   CODE           
                end_init                              0        0        3         0
                cinit                               7FC      7FC        4         0
                text7                               535      535       22         0
                text6                               51B      51B       1A         0
                text5                               50E      50E        D         0
                text4                               605      605       5D         0
                text3                               5B3      5B3       52         0
                text2                               57C      57C       37         0
                text1                               557      557       25         0
                maintext                            662      662      19A         0

        CLASS   STRCODE        

        CLASS   STRING         
                strings                               3        3       F4         0

        CLASS   CONST          

        CLASS   ENTRY          

        CLASS   COMMON         
                cstackCOMMON                         70       70        E         1

        CLASS   BANK0          

        CLASS   BANK1          

        CLASS   BANK2          

        CLASS   BANK3          

        CLASS   RAM            

        CLASS   ABS1           
                abs_s1                               7E       7E        2         1

        CLASS   SFR0           

        CLASS   SFR1           

        CLASS   SFR2           

        CLASS   SFR3           

        CLASS   CONFIG         
                config                             2007     2007        1         4

        CLASS   IDLOC          

        CLASS   EEDATA         

        CLASS   STACK          



SEGMENTS        Name                           Load    Length   Top    Selector   Space  Class     Delta

                reset_vec                      000000  000003  000003         0       0  CODE        2
                strings                        000003  0000F4  0000F7         6       0  STRING      2
                cstackCOMMON                   000070  00000E  00007E        70       1  COMMON      1
                text5                          00050E  00000D  00051B       A1C       0  CODE        2
                text6                          00051B  00001A  000535       A36       0  CODE        2
                text7                          000535  000022  000557       A6A       0  CODE        2
                text1                          000557  000025  00057C       AAE       0  CODE        2
                text2                          00057C  000037  0005B3       AF8       0  CODE        2
                text3                          0005B3  000052  000605       B66       0  CODE        2
                text4                          000605  00005D  000662       C0A       0  CODE        2
                maintext                       000662  00019A  0007FC       CC4       0  CODE        2
                cinit                          0007FC  000004  000800       FF8       0  CODE        2


UNUSED ADDRESS RANGES

        Name                Unused          Largest block    Delta
        BANK0            0020-006F             50           1
        BANK1            00A0-00EF             50           1
        BANK2            0110-016F             60           1
        BANK3            0190-01EF             60           1
        CODE             00F7-050D            417           2
                         0800-1FFF            800
        CONST            00F7-050D            100           2
                         0800-1FFF            100
        EEDATA           2100-21FF            100           2
        ENTRY            00F7-050D            100           2
                         0800-1FFF            100
        IDLOC            2000-2003              4           2
        RAM              0020-006F             50           1
                         00A0-00EF             50
                         0110-016F             60
                         0190-01EF             60
        SFR0             0000-001F             20           1
        SFR1             0080-009F             20           1
        SFR2             0100-010F             10           1
        SFR3             0180-018F             10           1
        STRCODE          00F7-050D            417           2
                         0800-1FFF           1800
        STRING           00F7-050D            100           2
                         0800-1FFF            100

                                  Symbol Table

Lcd_Cmd@a                 cstackCOMMON 0073
Lcd_Port@a                cstackCOMMON 0070
Lcd_Set_Cursor@a          cstackCOMMON 0077
Lcd_Set_Cursor@b          cstackCOMMON 0074
Lcd_Set_Cursor@temp       cstackCOMMON 007A
Lcd_Set_Cursor@y          cstackCOMMON 0079
Lcd_Set_Cursor@z          cstackCOMMON 0078
Lcd_Write_Char@a          cstackCOMMON 0074
Lcd_Write_Char@temp       cstackCOMMON 0072
Lcd_Write_Char@y          cstackCOMMON 0073
Lcd_Write_String@a        cstackCOMMON 0077
Lcd_Write_String@i        cstackCOMMON 0075
_Lcd_Clear                text5        050E
_Lcd_Cmd                  text6        051B
_Lcd_Init                 text4        0605
_Lcd_Port                 text7        0535
_Lcd_Set_Cursor           text3        05B3
_Lcd_Write_Char           text2        057C
_Lcd_Write_String         text1        0557
_PORTBbits                (abs)        0006
_PORTCbits                (abs)        0007
_PORTDbits                (abs)        0008
_TRISC                    (abs)        0087
_TRISD                    (abs)        0088
__Habs1                   abs1         0000
__Hbank0                  bank0        0000
__Hbank1                  bank1        0000
__Hbank2                  bank2        0000
__Hbank3                  bank3        0000
__Hcinit                  cinit        0800
__Hclrtext                clrtext      0000
__Hcode                   code         0000
__Hcommon                 common       0000
__Hconfig                 config       2008
__HcstackCOMMON           cstackCOMMON 0000
__Heeprom_data            eeprom_data  0000
__Hend_init               end_init     0003
__Hfunctab                functab      0000
__Hinit                   init         0000
__Hintentry               intentry     0000
__Hmaintext               maintext     0000
__Hpowerup                powerup      0000
__Hram                    ram          0000
__Hreset_vec              reset_vec    0000
__Hsfr0                   sfr0         0000
__Hsfr1                   sfr1         0000
__Hsfr2                   sfr2         0000
__Hsfr3                   sfr3         0000
__Hspace_0                (abs)        0800
__Hspace_1                (abs)        007E
__Hspace_2                (abs)        0000
__Hspace_3                (abs)        0000
__Hspace_4                (abs)        400F
__Hstack                  stack        0000
__Hstrings                strings      0000
__Htext                   text         0000
__Labs1                   abs1         0000
__Lbank0                  bank0        0000
__Lbank1                  bank1        0000
__Lbank2                  bank2        0000
__Lbank3                  bank3        0000
__Lcinit                  cinit        07FC
__Lclrtext                clrtext      0000
__Lcode                   code         0000
__Lcommon                 common       0000
__Lconfig                 config       0000
__LcstackCOMMON           cstackCOMMON 0000
__Leeprom_data            eeprom_data  0000
__Lend_init               end_init     0000
__Lfunctab                functab      0000
__Linit                   init         0000
__Lintentry               intentry     0000
__Lmaintext               maintext     0000
__Lpowerup                powerup      0000
__Lram                    ram          0000
__Lreset_vec              reset_vec    0000
__Lsfr0                   sfr0         0000
__Lsfr1                   sfr1         0000
__Lsfr2                   sfr2         0000
__Lsfr3                   sfr3         0000
__Lspace_0                (abs)        0000
__Lspace_1                (abs)        0000
__Lspace_2                (abs)        0000
__Lspace_3                (abs)        0000
__Lspace_4                (abs)        0000
__Lstack                  stack        0000
__Lstrings                strings      0000
__Ltext                   text         0000
__S0                      (abs)        0800
__S1                      (abs)        007E
__S3                      (abs)        0000
___int_sp                 stack        0000
___latbits                (abs)        0002
___sp                     stack        0000
___stackhi                (abs)        0000
___stacklo                (abs)        0000
__end_of_Lcd_Clear        text5        051B
__end_of_Lcd_Cmd          text6        0535
__end_of_Lcd_Init         text4        0662
__end_of_Lcd_Port         text7        0557
__end_of_Lcd_Set_Cursor   text3        0605
__end_of_Lcd_Write_Char   text2        05B3
__end_of_Lcd_Write_String text1        057C
__end_of__initialization  cinit        07FC
__end_of__stringtab       strings      0009
__end_of_main             maintext     07FC
__initialization          cinit        07FC
__pcstackCOMMON           cstackCOMMON 0070
__pmaintext               maintext     0662
__pstrings                strings      0003
__ptext1                  text1        0557
__ptext2                  text2        057C
__ptext3                  text3        05B3
__ptext4                  text4        0605
__ptext5                  text5        050E
__ptext6                  text6        051B
__ptext7                  text7        0535
__stringbase              strings      0008
__stringtab               strings      0003
_main                     maintext     0662
btemp                     (abs)        007E
end_of_initialization     cinit        07FC
intlevel0                 functab      0000
intlevel1                 functab      0000
intlevel2                 functab      0000
intlevel3                 functab      0000
intlevel4                 functab      0000
intlevel5                 functab      0000
reset_vec                 reset_vec    0000
start                     init         0000
start_initialization      cinit        07FC
wtemp0                    (abs)        007E


MODULE INFORMATION

Module		Function		Class		Link	Load	Size
./lcd.h
		_Lcd_Write_String		CODE           	0557	0000	37
		_Lcd_Init      		CODE           	0605	0000	93
		_Lcd_Write_Char		CODE           	057C	0000	55
		_Lcd_Cmd       		CODE           	051B	0000	26
		_Lcd_Set_Cursor		CODE           	05B3	0000	82
		_Lcd_Clear     		CODE           	050E	0000	13
		_Lcd_Port      		CODE           	0535	0000	34

./lcd.h estimated size: 340

shared
		__stringtab    		STRING         	0003	0000	6
		__initialization		CODE           	07FC	0000	1

shared estimated size: 7

main.c
		_main          		CODE           	0662	0000	410

main.c estimated size: 410

